valid expected=accept exit=0 stdout=169 stderr=0 PASS
active-raw-script expected=reject exit=1 stdout=0 stderr=51 PASS
active-entity-javascript expected=reject exit=1 stdout=0 stderr=51 PASS
active-entity-data-html expected=reject exit=1 stdout=0 stderr=51 PASS
active-iframe-srcdoc expected=reject exit=1 stdout=0 stderr=51 PASS
active-entity-five-layer expected=reject exit=1 stdout=0 stderr=51 PASS
active-entity-deep-layer expected=reject exit=1 stdout=0 stderr=50 PASS
contract-duplicate-heading expected=reject exit=1 stdout=0 stderr=171 PASS
contract-duplicate-yaml-fence expected=reject exit=1 stdout=0 stderr=106 PASS
contract-heading-outside-safety expected=reject exit=1 stdout=0 stderr=56 PASS
contract-yml-outside-safety expected=reject exit=1 stdout=0 stderr=129 PASS
contract-uppercase-yaml-outside-safety expected=reject exit=1 stdout=0 stderr=129 PASS
contract-hermes-install-mode expected=reject exit=1 stdout=0 stderr=60 PASS
contract-hermes-doctor expected=reject exit=1 stdout=0 stderr=63 PASS
contract-hermes-timezone expected=reject exit=1 stdout=0 stderr=56 PASS
contract-hermes-cron expected=reject exit=1 stdout=0 stderr=57 PASS
contract-hermes-observations expected=reject exit=1 stdout=0 stderr=66 PASS
contract-hermes-last-good expected=reject exit=1 stdout=0 stderr=66 PASS
assessment-header-duplicate expected=reject exit=1 stdout=0 stderr=49 PASS
milestone-header-duplicate expected=reject exit=1 stdout=0 stderr=48 PASS
fallback-header-duplicate expected=reject exit=1 stdout=0 stderr=47 PASS
table-header-order-swap expected=reject exit=1 stdout=0 stderr=66 PASS
fallback-ncp-lost-claim-swap expected=reject exit=1 stdout=0 stderr=119 PASS
fallback-ncp-live-id-swap expected=reject exit=1 stdout=0 stderr=121 PASS
duplicate-week expected=reject exit=1 stdout=0 stderr=111 PASS
extra-weight expected=reject exit=1 stdout=0 stderr=75 PASS
milestone-role-id-swap expected=reject exit=1 stdout=0 stderr=113 PASS
schema-vulnerability-description expected=reject exit=1 stdout=0 stderr=60 PASS
raw-manifest-request-url expected=reject exit=1 stdout=0 stderr=40 PASS
safe-week4-korean-headless expected=accept exit=0 stdout=169 stderr=0 PASS
safe-week7-translated-states expected=accept exit=0 stdout=169 stderr=0 PASS
safe-ua-korean-paraphrase expected=accept exit=0 stdout=169 stderr=0 PASS
safe-graph-korean-relation expected=accept exit=0 stdout=169 stderr=0 PASS
safe-m1-korean-rephrase expected=accept exit=0 stdout=169 stderr=0 PASS
safe-accessibility-korean-rephrase expected=accept exit=0 stdout=169 stderr=0 PASS
safe-nvd-korean-rephrase expected=accept exit=0 stdout=169 stderr=0 PASS
safe-offensive-korean-rephrase expected=accept exit=0 stdout=169 stderr=0 PASS
safe-benign-entity-text expected=accept exit=0 stdout=169 stderr=0 PASS
COUNTS total=38 expected_accept=10 expected_reject=28 distinct=38
